Microchip MPLAB XC8 Compiler V1.40 ()

Linker command line:

-W-3 --edf=/Applications/microchip/xc8/v1.40/dat/en_msgs.txt -cs \
  -h+dist/default/production/BatterySorter.production.sym \
  --cmf=dist/default/production/BatterySorter.production.cmf -z -Q18F4620 \
  -o/tmp/xcsZoeYtL -Mdist/default/production/BatterySorter.production.map \
  -E1 -ver=XC8 -ASTACK=011Fh-0f7fh -pstack=STACK -ACODE=00h-0FFFFh \
  -ACONST=00h-0FFFFh -ASMALLCONST=01000h-010FFhx240 \
  -AMEDIUMCONST=01000h-0FFFFh -ACOMRAM=01h-07Fh -AABS1=00h-0F7Fh \
  -ABIGRAM=01h-0F7Fh -ARAM=080h-0FFh,0100h-01FFhx14,0F00h-0F7Fh \
  -ABANK0=080h-0FFh -ABANK1=0100h-01FFh -ABANK2=0200h-02FFh \
  -ABANK3=0300h-03FFh -ABANK4=0400h-04FFh -ABANK5=0500h-05FFh \
  -ABANK6=0600h-06FFh -ABANK7=0700h-07FFh -ABANK8=0800h-08FFh \
  -ABANK9=0900h-09FFh -ABANK10=0A00h-0AFFh -ABANK11=0B00h-0BFFh \
  -ABANK12=0C00h-0CFFh -ABANK13=0D00h-0DFFh -ABANK14=0E00h-0EFFh \
  -ABANK15=0F00h-0F7Fh -ASFR=0F80h-0FFFh \
  -preset_vec=00h,intcode=08h,intcodelo,powerup,init -pramtop=01000h \
  -psmallconst=SMALLCONST -pmediumconst=MEDIUMCONST -pconst=CONST \
  -AFARRAM=00h-00h -ACONFIG=0300000h-030000Dh -pconfig=CONFIG \
  -AIDLOC=0200000h-0200007h -pidloc=IDLOC -AEEDATA=0F00000h-0F003FFh \
  -peeprom_data=EEDATA \
  -prdata=COMRAM,nvrram=COMRAM,nvbit=COMRAM,rbss=COMRAM,rbit=COMRAM \
  -pfarbss=FARRAM,fardata=FARRAM,nvFARRAM=FARRAM \
  -pintsave_regs=BIGRAM,bigbss=BIGRAM,bigdata=BIGRAM -pbss=RAM \
  -pidata=CODE,irdata=CODE,ibigdata=CODE,ifardata=CODE -prparam=COMRAM \
  /tmp/xcNlZEkba.obj dist/default/production/BatterySorter.production.obj 

Object code version is 3.11

Machine type is 18F4620

Call graph: (short form)




                Name                               Link     Load   Length Selector   Space Scale
/tmp/xcNlZEkba.obj
                init                                  E        E        4        4       0
                reset_vec                             0        0        4        0       0
                idloc                            200000   200000        8   200000       0
                config                           300000   300000        E   300000       0
dist/default/production/BatterySorter.production.obj
                intcode                               8        8        6        4       0
                temp                                 7B       7B        1        1       1
                mediumconst                        FE8C     FE8C      174     7F46       0
                text67                             41E4     41E4       90        4       0
                text66                             499A     499A       24        4       0
                text65                             3EAA     3EAA       AE        4       0
                text64                             2BB4     2BB4      1AC        4       0
                text63                             47C8     47C8       40        4       0
                text62                             39FE     39FE       F4        4       0
                text61                             42F8     42F8       82        4       0
                text60                             44CE     44CE       66        4       0
                text59                             45F0     45F0       5C        4       0
                text58                             36D6     36D6      128        4       0
                text57                             3474     3474      132        4       0
                text56                             4274     4274       84        4       0
                text55                             43F6     43F6       70        4       0
                text54                             390A     390A       F4        4       0
                text53                             4974     4974       26        4       0
                text52                             272C     272C      246        4       0
                text51                             49BE     49BE       1E        4       0
                text50                             464C     464C       56        4       0
                text49                             4A66     4A66        C        4       0
                text48                             1E28     1E28      3F0        4       0
                text47                              B0A      B0A      928        4       0
                text46                             2972     2972      242        4       0
                text45                             4A5A     4A5A        C        4       0
                intcode_body                       3DF8     3DF8       B2        4       0
                text43                             4926     4926       28        4       0
                text42                             3D3C     3D3C       BC        4       0
                text41                             4534     4534       60        4       0
                text40                             3F58     3F58       AA        4       0
                text39                             483E     483E       34        4       0
                text38                             37FE     37FE      10C        4       0
                text37                             4784     4784       44        4       0
                text36                             31E4     31E4      14C        4       0
                text35                             3086     3086      15E        4       0
                text34                             4002     4002       A6        4       0
                text33                             4A26     4A26       14        4       0
                text32                             48A2     48A2       2E        4       0
                text31                             4A84     4A84        8        4       0
                text30                             4A7C     4A7C        8        4       0
                text29                             4A72     4A72        A        4       0
                text28                             4466     4466       68        4       0
                text27                             4A4A     4A4A       10        4       0
                text26                             3BBA     3BBA       C4        4       0
                text25                             473E     473E       46        4       0
                text24                             46A2     46A2       50        4       0
                text23                             48D0     48D0       2C        4       0
                text22                             4594     4594       5C        4       0
                text21                             49F8     49F8       18        4       0
                text20                             4A10     4A10       16        4       0
                text19                             3AF2     3AF2       C8        4       0
                text18                             4872     4872       30        4       0
                text17                             24C4     24C4      268        4       0
                text16                             46F2     46F2       4C        4       0
                text15                             3330     3330      144        4       0
                text14                             414A     414A       9A        4       0
                text13                             437A     437A       7C        4       0
                text12                             2EFE     2EFE      188        4       0
                text11                             2D60     2D60      19E        4       0
                text10                             3C7E     3C7E       BE        4       0
                text9                              40A8     40A8       A2        4       0
                text8                              4808     4808       36        4       0
                text7                              2218     2218      2AC        4       0
                text6                              48FC     48FC       2A        4       0
                text5                              4A3A     4A3A       10        4       0
                text4                              197A     197A      4AE        4       0
                text3                                12       12      AF8        4       0
                text2                              35A6     35A6      130        4       0
                text1                              49DC     49DC       1C        4       0
                text0                              1432     1432      548        4       0
                cstackCOMRAM                          1        1       74        1       1
                cstackBANK0                          80       80       7D       80       1
                cstackBANK1                         114      114        B      100       1
                bssBANK1                            100      100       14      100       1
                bssCOMRAM                            75       75        6        1       1
                cinit                              494E     494E       26        4       0

TOTAL           Name                               Link     Load   Length     Space
        CLASS   STACK          

        CLASS   CODE           
                intcode                               8        8        6         0
                init                                  E        E        4         0
                reset_vec                             0        0        4         0
                text67                             41E4     41E4       90         0
                text66                             499A     499A       24         0
                text65                             3EAA     3EAA       AE         0
                text64                             2BB4     2BB4      1AC         0
                text63                             47C8     47C8       40         0
                text62                             39FE     39FE       F4         0
                text61                             42F8     42F8       82         0
                text60                             44CE     44CE       66         0
                text59                             45F0     45F0       5C         0
                text58                             36D6     36D6      128         0
                text57                             3474     3474      132         0
                text56                             4274     4274       84         0
                text55                             43F6     43F6       70         0
                text54                             390A     390A       F4         0
                text53                             4974     4974       26         0
                text52                             272C     272C      246         0
                text51                             49BE     49BE       1E         0
                text50                             464C     464C       56         0
                text49                             4A66     4A66        C         0
                text48                             1E28     1E28      3F0         0
                text47                              B0A      B0A      928         0
                text46                             2972     2972      242         0
                text45                             4A5A     4A5A        C         0
                intcode_body                       3DF8     3DF8       B2         0
                text43                             4926     4926       28         0
                text42                             3D3C     3D3C       BC         0
                text41                             4534     4534       60         0
                text40                             3F58     3F58       AA         0
                text39                             483E     483E       34         0
                text38                             37FE     37FE      10C         0
                text37                             4784     4784       44         0
                text36                             31E4     31E4      14C         0
                text35                             3086     3086      15E         0
                text34                             4002     4002       A6         0
                text33                             4A26     4A26       14         0
                text32                             48A2     48A2       2E         0
                text31                             4A84     4A84        8         0
                text30                             4A7C     4A7C        8         0
                text29                             4A72     4A72        A         0
                text28                             4466     4466       68         0
                text27                             4A4A     4A4A       10         0
                text26                             3BBA     3BBA       C4         0
                text25                             473E     473E       46         0
                text24                             46A2     46A2       50         0
                text23                             48D0     48D0       2C         0
                text22                             4594     4594       5C         0
                text21                             49F8     49F8       18         0
                text20                             4A10     4A10       16         0
                text19                             3AF2     3AF2       C8         0
                text18                             4872     4872       30         0
                text17                             24C4     24C4      268         0
                text16                             46F2     46F2       4C         0
                text15                             3330     3330      144         0
                text14                             414A     414A       9A         0
                text13                             437A     437A       7C         0
                text12                             2EFE     2EFE      188         0
                text11                             2D60     2D60      19E         0
                text10                             3C7E     3C7E       BE         0
                text9                              40A8     40A8       A2         0
                text8                              4808     4808       36         0
                text7                              2218     2218      2AC         0
                text6                              48FC     48FC       2A         0
                text5                              4A3A     4A3A       10         0
                text4                              197A     197A      4AE         0
                text3                                12       12      AF8         0
                text2                              35A6     35A6      130         0
                text1                              49DC     49DC       1C         0
                text0                              1432     1432      548         0
                cinit                              494E     494E       26         0

        CLASS   CONST          

        CLASS   SMALLCONST     

        CLASS   MEDIUMCONST    
                mediumconst                        FE8C     FE8C      174         0

        CLASS   COMRAM         
                temp                                 7B       7B        1         1
                cstackCOMRAM                          1        1       74         1
                bssCOMRAM                            75       75        6         1

        CLASS   ABS1           

        CLASS   BIGRAM         

        CLASS   RAM            

        CLASS   BANK0          
                cstackBANK0                          80       80       7D         1

        CLASS   BANK1          
                cstackBANK1                         114      114        B         1
                bssBANK1                            100      100       14         1

        CLASS   BANK2          

        CLASS   BANK3          

        CLASS   BANK4          

        CLASS   BANK5          

        CLASS   BANK6          

        CLASS   BANK7          

        CLASS   BANK8          

        CLASS   BANK9          

        CLASS   BANK10         

        CLASS   BANK11         

        CLASS   BANK12         

        CLASS   BANK13         

        CLASS   BANK14         

        CLASS   BANK15         

        CLASS   SFR            

        CLASS   FARRAM         

        CLASS   CONFIG         
                config                           300000   300000        E         0

        CLASS   IDLOC          
                idloc                            200000   200000        8         0

        CLASS   EEDATA         



SEGMENTS        Name                           Load    Length   Top    Selector   Space  Class

                reset_vec                      000000  000004  000004         0       0  CODE    
                cstackCOMRAM                   000001  00007B  00007C         1       1  COMRAM  
                intcode                        000008  004A84  004A8C         4       0  CODE    
                cstackBANK0                    000080  00007D  0000FD        80       1  BANK0   
                bssBANK1                       000100  00001F  00011F       100       1  BANK1   
                mediumconst                    00FE8C  000174  010000      7F46       0  MEDIUMCO
                idloc                          200000  000008  200008    200000       0  IDLOC   
                config                         300000  00000E  30000E    300000       0  CONFIG  


UNUSED ADDRESS RANGES

        Name                Unused          Largest block    Delta
        BANK0            0000FD-0000FF                3
        BANK1            00011F-0001FF               E1
        BANK10           000A00-000AFF              100
        BANK11           000B00-000BFF              100
        BANK12           000C00-000CFF              100
        BANK13           000D00-000DFF              100
        BANK14           000E00-000EFF              100
        BANK15           000F00-000F7F               80
        BANK2            000200-0002FF              100
        BANK3            000300-0003FF              100
        BANK4            000400-0004FF              100
        BANK5            000500-0005FF              100
        BANK6            000600-0006FF              100
        BANK7            000700-0007FF              100
        BANK8            000800-0008FF              100
        BANK9            000900-0009FF              100
        BIGRAM           00007C-00007F                4
                         0000FD-0000FF                3
                         00011F-000F7F              E61
        CODE             000004-000007                4
                         004A8C-00FE8B             B400
        COMRAM           00007C-00007F                4
        CONST            000004-000007                4
                         004A8C-00FE8B             B400
        EEDATA           F00000-F003FF              400
        MEDIUMCONST      004A8C-00FE8B             B400
        RAM              0000FD-0000FF                3
                         00011F-000F7F              100
        SFR              000F80-000FFF               80
        SMALLCONST       004A8C-00FE8B              100
        STACK            00011F-000F7F              E61

                                  Symbol Table

?___awdiv                        cstackBANK0  000086
?___awmod                        cstackBANK0  000080
?___awtoft                       cstackBANK0  000088
?___ftadd                        cstackBANK0  0000AD
?___ftdiv                        cstackBANK0  0000A3
?___ftmul                        cstackBANK0  000094
?___ftneg                        cstackBANK0  000080
?___ftpack                       cstackBANK0  000080
?___ftsub                        cstackBANK0  0000B9
?___fttol                        cstackBANK0  0000AA
?___lldiv                        cstackBANK0  000080
?___llmod                        cstackBANK0  00008D
?___lltoft                       cstackBANK0  000088
?___wmul                         cstackBANK0  00008E
?__div_to_l_                     cstackBANK0  000080
?__tdiv_to_l_                    cstackBANK0  000080
?_calculate_elapsed_time         cstackBANK0  000080
?_convert_voltage                cstackBANK0  0000B2
?_fround                         cstackBANK0  0000A3
?_next_address                   cstackBANK0  000080
?_printf                         cstackBANK0  0000BF
?_scale                          cstackBANK0  0000A3
?i2___awdiv                      cstackCOMRAM 000007
?i2___awmod                      cstackCOMRAM 000001
?i2___ftadd                      cstackCOMRAM 00002E
?i2___ftmul                      cstackCOMRAM 000015
?i2___ftneg                      cstackCOMRAM 000001
?i2___ftpack                     cstackCOMRAM 000001
?i2___ftsub                      cstackCOMRAM 00003A
?i2___fttol                      cstackCOMRAM 00002B
?i2___lldiv                      cstackCOMRAM 000001
?i2___llmod                      cstackCOMRAM 00000E
?i2___lltoft                     cstackCOMRAM 000009
?i2___wmul                       cstackCOMRAM 00000F
?i2__div_to_l_                   cstackCOMRAM 000001
?i2__tdiv_to_l_                  cstackCOMRAM 000001
?i2_fround                       cstackCOMRAM 000024
?i2_printf                       cstackCOMRAM 000040
?i2_scale                        cstackCOMRAM 000024
Eeprom_ReadByte@address          cstackBANK0  000080
Eeprom_WriteByte@address         cstackBANK0  000080
Eeprom_WriteByte@data            cstackBANK0  000082
I2C_Master_Init@c                cstackBANK0  00008D
I2C_Master_Read@a                cstackBANK0  000081
I2C_Master_Read@temp             cstackBANK0  000082
I2C_Master_Write@d               cstackBANK0  000081
_AA_num                          bssBANK1     000100
_ACKDT                           (abs)        007E2D
_ACKEN                           (abs)        007E2C
_ADCON0                          (abs)        000FC2
_ADCON0bits                      (abs)        000FC2
_ADCON1                          (abs)        000FC1
_ADFM                            (abs)        007E07
_ADON                            (abs)        007E10
_ADRESH                          (abs)        000FC4
_ADRESL                          (abs)        000FC3
_CMCONbits                       (abs)        000FB4
_C_num                           bssBANK1     000102
_Drain_num                       bssBANK1     000104
_EEADR                           (abs)        000FA9
_EEADRH                          (abs)        000FAA
_EECON1bits                      (abs)        000FA6
_EECON2                          (abs)        000FA7
_EEDATA                          (abs)        000FA8
_Eeprom_ReadByte                 text21       0049F8
_Eeprom_WriteByte                text43       004926
_I2C_Master_Init                 text41       004534
_I2C_Master_Read                 text32       0048A2
_I2C_Master_Start                text31       004A84
_I2C_Master_Stop                 text30       004A7C
_I2C_Master_Wait                 text33       004A26
_I2C_Master_Write                text29       004A72
_INT1IE                          (abs)        007F83
_INT1IF                          (abs)        007F80
_INTCONbits                      (abs)        000FF2
_LATA                            (abs)        000F89
_LATB                            (abs)        000F8A
_LATC                            (abs)        000F8B
_LATCbits                        (abs)        000F8B
_LATD                            (abs)        000F8C
_LATDbits                        (abs)        000F8C
_LATE                            (abs)        000F8D
_Nine_num                        bssBANK1     000106
_PEN                             (abs)        007E2A
_PIR2bits                        (abs)        000FA1
_PORTAbits                       (abs)        000F80
_PORTB                           (abs)        000F81
_RCEN                            (abs)        007E2B
_RSEN                            (abs)        007E29
_SEN                             (abs)        007E28
_SSPADD                          (abs)        000FC8
_SSPBUF                          (abs)        000FC9
_SSPCON1                         (abs)        000FC6
_SSPCON2                         (abs)        000FC5
_SSPSTAT                         (abs)        000FC7
_TRISA                           (abs)        000F92
_TRISB                           (abs)        000F93
_TRISC                           (abs)        000F94
_TRISC3                          (abs)        007CA3
_TRISC4                          (abs)        007CA4
_TRISD                           (abs)        000F95
_TRISE                           (abs)        000F96
__CFG_BOREN$SBORDIS              (abs)        000000
__CFG_BORV$3                     (abs)        000000
__CFG_CCP2MX$PORTC               (abs)        000000
__CFG_CP0$OFF                    (abs)        000000
__CFG_CP1$OFF                    (abs)        000000
__CFG_CP2$OFF                    (abs)        000000
__CFG_CP3$OFF                    (abs)        000000
__CFG_CPB$OFF                    (abs)        000000
__CFG_CPD$OFF                    (abs)        000000
__CFG_EBTR0$OFF                  (abs)        000000
__CFG_EBTR1$OFF                  (abs)        000000
__CFG_EBTR2$OFF                  (abs)        000000
__CFG_EBTR3$OFF                  (abs)        000000
__CFG_EBTRB$OFF                  (abs)        000000
__CFG_FCMEN$OFF                  (abs)        000000
__CFG_IESO$OFF                   (abs)        000000
__CFG_LPT1OSC$OFF                (abs)        000000
__CFG_LVP$OFF                    (abs)        000000
__CFG_MCLRE$ON                   (abs)        000000
__CFG_OSC$HS                     (abs)        000000
__CFG_PBADEN$ON                  (abs)        000000
__CFG_PWRT$OFF                   (abs)        000000
__CFG_STVREN$ON                  (abs)        000000
__CFG_WDT$OFF                    (abs)        000000
__CFG_WDTPS$32768                (abs)        000000
__CFG_WRT0$OFF                   (abs)        000000
__CFG_WRT1$OFF                   (abs)        000000
__CFG_WRT2$OFF                   (abs)        000000
__CFG_WRT3$OFF                   (abs)        000000
__CFG_WRTB$OFF                   (abs)        000000
__CFG_WRTC$OFF                   (abs)        000000
__CFG_WRTD$OFF                   (abs)        000000
__CFG_XINST$OFF                  (abs)        000000
__HRAM                           (abs)        000000
__Habs1                          abs1         000000
__Hbank0                         bank0        000000
__Hbank1                         bank1        000000
__Hbank10                        bank10       000000
__Hbank11                        bank11       000000
__Hbank12                        bank12       000000
__Hbank13                        bank13       000000
__Hbank14                        bank14       000000
__Hbank15                        bank15       000000
__Hbank2                         bank2        000000
__Hbank3                         bank3        000000
__Hbank4                         bank4        000000
__Hbank5                         bank5        000000
__Hbank6                         bank6        000000
__Hbank7                         bank7        000000
__Hbank8                         bank8        000000
__Hbank9                         bank9        000000
__Hbigbss                        bigbss       000000
__Hbigdata                       bigdata      000000
__Hbigram                        bigram       000000
__Hbss                           bss          000000
__HbssBANK1                      bssBANK1     000000
__HbssCOMRAM                     bssCOMRAM    000000
__Hcinit                         cinit        000000
__Hclrtext                       clrtext      000000
__Hcomram                        comram       000000
__Hconfig                        config       30000E
__Hconst                         const        000000
__HcstackBANK0                   cstackBANK0  000000
__HcstackBANK1                   cstackBANK1  000000
__HcstackCOMRAM                  cstackCOMRAM 000000
__Hdata                          data         000000
__Heeprom_data                   eeprom_data  000000
__Hfarbss                        farbss       000000
__Hfardata                       fardata      000000
__Hibigdata                      ibigdata     000000
__Hidata                         idata        000000
__Hidloc                         idloc        200008
__Hifardata                      ifardata     000000
__Hinit                          init         000012
__Hintcode                       intcode      00000E
__Hintcode_body                  intcode_body 000000
__Hintcodelo                     intcodelo    00000E
__Hintentry                      intentry     000000
__Hintret                        intret       000000
__Hintsave_regs                  intsave_regs 000000
__Hirdata                        irdata       000000
__Hmediumconst                   mediumconst  010000
__HnvFARRAM                      nvFARRAM     000000
__Hnvbit                         nvbit        000000
__Hnvrram                        nvrram       000000
__Hparam                         rparam       000000
__Hpowerup                       powerup      00000E
__Hram                           ram          000000
__Hramtop                        ramtop       001000
__Hrbit                          rbit         000000
__Hrbss                          rbss         000000
__Hrdata                         rdata        000000
__Hreset_vec                     reset_vec    000004
__Hrparam                        rparam       000000
__Hsfr                           sfr          000000
__Hsmallconst                    smallconst   000000
__Hspace_0                       (abs)        30000E
__Hspace_1                       (abs)        00011F
__Hspace_2                       (abs)        000000
__Hstack                         stack        000000
__Hstruct                        struct       000000
__Htemp                          temp         00007C
__Htext                          text         000000
__Htext0                         text0        000000
__Htext1                         text1        000000
__Htext10                        text10       000000
__Htext11                        text11       000000
__Htext12                        text12       000000
__Htext13                        text13       000000
__Htext14                        text14       000000
__Htext15                        text15       000000
__Htext16                        text16       000000
__Htext17                        text17       000000
__Htext18                        text18       000000
__Htext19                        text19       000000
__Htext2                         text2        000000
__Htext20                        text20       000000
__Htext21                        text21       000000
__Htext22                        text22       000000
__Htext23                        text23       000000
__Htext24                        text24       000000
__Htext25                        text25       000000
__Htext26                        text26       000000
__Htext27                        text27       000000
__Htext28                        text28       000000
__Htext29                        text29       000000
__Htext3                         text3        000000
__Htext30                        text30       000000
__Htext31                        text31       000000
__Htext32                        text32       000000
__Htext33                        text33       000000
__Htext34                        text34       000000
__Htext35                        text35       000000
__Htext36                        text36       000000
__Htext37                        text37       000000
__Htext38                        text38       000000
__Htext39                        text39       000000
__Htext4                         text4        000000
__Htext40                        text40       000000
__Htext41                        text41       000000
__Htext42                        text42       000000
__Htext43                        text43       000000
__Htext45                        text45       000000
__Htext46                        text46       000000
__Htext47                        text47       000000
__Htext48                        text48       000000
__Htext49                        text49       000000
__Htext5                         text5        000000
__Htext50                        text50       000000
__Htext51                        text51       000000
__Htext52                        text52       000000
__Htext53                        text53       000000
__Htext54                        text54       000000
__Htext55                        text55       000000
__Htext56                        text56       000000
__Htext57                        text57       000000
__Htext58                        text58       000000
__Htext59                        text59       000000
__Htext6                         text6        000000
__Htext60                        text60       000000
__Htext61                        text61       000000
__Htext62                        text62       000000
__Htext63                        text63       000000
__Htext64                        text64       000000
__Htext65                        text65       000000
__Htext66                        text66       000000
__Htext67                        text67       000000
__Htext7                         text7        000000
__Htext8                         text8        000000
__Htext9                         text9        000000
__LRAM                           (abs)        000001
__Labs1                          abs1         000000
__Lbank0                         bank0        000000
__Lbank1                         bank1        000000
__Lbank10                        bank10       000000
__Lbank11                        bank11       000000
__Lbank12                        bank12       000000
__Lbank13                        bank13       000000
__Lbank14                        bank14       000000
__Lbank15                        bank15       000000
__Lbank2                         bank2        000000
__Lbank3                         bank3        000000
__Lbank4                         bank4        000000
__Lbank5                         bank5        000000
__Lbank6                         bank6        000000
__Lbank7                         bank7        000000
__Lbank8                         bank8        000000
__Lbank9                         bank9        000000
__Lbigbss                        bigbss       000000
__Lbigdata                       bigdata      000000
__Lbigram                        bigram       000000
__Lbss                           bss          000000
__LbssBANK1                      bssBANK1     000000
__LbssCOMRAM                     bssCOMRAM    000000
__Lcinit                         cinit        000000
__Lclrtext                       clrtext      000000
__Lcomram                        comram       000000
__Lconfig                        config       300000
__Lconst                         const        000000
__LcstackBANK0                   cstackBANK0  000000
__LcstackBANK1                   cstackBANK1  000000
__LcstackCOMRAM                  cstackCOMRAM 000000
__Ldata                          data         000000
__Leeprom_data                   eeprom_data  000000
__Lfarbss                        farbss       000000
__Lfardata                       fardata      000000
__Libigdata                      ibigdata     000000
__Lidata                         idata        000000
__Lidloc                         idloc        200000
__Lifardata                      ifardata     000000
__Linit                          init         00000E
__Lintcode                       intcode      000008
__Lintcode_body                  intcode_body 000000
__Lintcodelo                     intcodelo    00000E
__Lintentry                      intentry     000000
__Lintret                        intret       000000
__Lintsave_regs                  intsave_regs 000000
__Lirdata                        irdata       000000
__Lmediumconst                   mediumconst  00FE8C
__LnvFARRAM                      nvFARRAM     000000
__Lnvbit                         nvbit        000000
__Lnvrram                        nvrram       000000
__Lparam                         rparam       000000
__Lpowerup                       powerup      00000E
__Lram                           ram          000000
__Lramtop                        ramtop       001000
__Lrbit                          rbit         000000
__Lrbss                          rbss         000000
__Lrdata                         rdata        000000
__Lreset_vec                     reset_vec    000000
__Lrparam                        rparam       000000
__Lsfr                           sfr          000000
__Lsmallconst                    smallconst   000000
__Lspace_0                       (abs)        000000
__Lspace_1                       (abs)        000000
__Lspace_2                       (abs)        000000
__Lstack                         stack        000000
__Lstruct                        struct       000000
__Ltemp                          temp         00007B
__Ltext                          text         000000
__Ltext0                         text0        000000
__Ltext1                         text1        000000
__Ltext10                        text10       000000
__Ltext11                        text11       000000
__Ltext12                        text12       000000
__Ltext13                        text13       000000
__Ltext14                        text14       000000
__Ltext15                        text15       000000
__Ltext16                        text16       000000
__Ltext17                        text17       000000
__Ltext18                        text18       000000
__Ltext19                        text19       000000
__Ltext2                         text2        000000
__Ltext20                        text20       000000
__Ltext21                        text21       000000
__Ltext22                        text22       000000
__Ltext23                        text23       000000
__Ltext24                        text24       000000
__Ltext25                        text25       000000
__Ltext26                        text26       000000
__Ltext27                        text27       000000
__Ltext28                        text28       000000
__Ltext29                        text29       000000
__Ltext3                         text3        000000
__Ltext30                        text30       000000
__Ltext31                        text31       000000
__Ltext32                        text32       000000
__Ltext33                        text33       000000
__Ltext34                        text34       000000
__Ltext35                        text35       000000
__Ltext36                        text36       000000
__Ltext37                        text37       000000
__Ltext38                        text38       000000
__Ltext39                        text39       000000
__Ltext4                         text4        000000
__Ltext40                        text40       000000
__Ltext41                        text41       000000
__Ltext42                        text42       000000
__Ltext43                        text43       000000
__Ltext45                        text45       000000
__Ltext46                        text46       000000
__Ltext47                        text47       000000
__Ltext48                        text48       000000
__Ltext49                        text49       000000
__Ltext5                         text5        000000
__Ltext50                        text50       000000
__Ltext51                        text51       000000
__Ltext52                        text52       000000
__Ltext53                        text53       000000
__Ltext54                        text54       000000
__Ltext55                        text55       000000
__Ltext56                        text56       000000
__Ltext57                        text57       000000
__Ltext58                        text58       000000
__Ltext59                        text59       000000
__Ltext6                         text6        000000
__Ltext60                        text60       000000
__Ltext61                        text61       000000
__Ltext62                        text62       000000
__Ltext63                        text63       000000
__Ltext64                        text64       000000
__Ltext65                        text65       000000
__Ltext66                        text66       000000
__Ltext67                        text67       000000
__Ltext7                         text7        000000
__Ltext8                         text8        000000
__Ltext9                         text9        000000
__S0                             (abs)        30000E
__S1                             (abs)        00011F
__S2                             (abs)        000000
___awdiv                         text10       003C7E
___awdiv@counter                 cstackBANK0  00008A
___awdiv@dividend                cstackBANK0  000086
___awdiv@divisor                 cstackBANK0  000088
___awdiv@quotient                cstackBANK0  00008C
___awdiv@sign                    cstackBANK0  00008B
___awmod                         text9        0040A8
___awmod@counter                 cstackBANK0  000084
___awmod@dividend                cstackBANK0  000080
___awmod@divisor                 cstackBANK0  000082
___awmod@sign                    cstackBANK0  000085
___awtoft                        text37       004784
___awtoft@c                      cstackBANK0  000088
___awtoft@sign                   cstackBANK0  00008B
___ftadd                         text17       0024C4
___ftadd@exp1                    cstackBANK0  0000B8
___ftadd@exp2                    cstackBANK0  0000B7
___ftadd@f1                      cstackBANK0  0000AD
___ftadd@f2                      cstackBANK0  0000B0
___ftadd@sign                    cstackBANK0  0000B6
___ftdiv                         text36       0031E4
___ftdiv@cntr                    cstackBANK0  0000AC
___ftdiv@exp                     cstackBANK0  0000B0
___ftdiv@f1                      cstackBANK0  0000A3
___ftdiv@f2                      cstackBANK0  0000A6
___ftdiv@f3                      cstackBANK0  0000AD
___ftdiv@sign                    cstackBANK0  0000B1
___ftge                          text19       003AF2
___ftge@ff1                      cstackBANK0  000080
___ftge@ff2                      cstackBANK0  000083
___ftmul                         text35       003086
___ftmul@cntr                    cstackBANK0  0000A1
___ftmul@exp                     cstackBANK0  00009D
___ftmul@f1                      cstackBANK0  000094
___ftmul@f2                      cstackBANK0  000097
___ftmul@f3_as_product           cstackBANK0  00009E
___ftmul@sign                    cstackBANK0  0000A2
___ftneg                         text18       004872
___ftneg@f1                      cstackBANK0  000080
___ftpack                        text38       0037FE
___ftpack@arg                    cstackBANK0  000080
___ftpack@exp                    cstackBANK0  000083
___ftpack@sign                   cstackBANK0  000084
___ftsub                         text16       0046F2
___ftsub@f1                      cstackBANK0  0000B9
___ftsub@f2                      cstackBANK0  0000BC
___fttol                         text15       003330
___fttol@exp1                    cstackBANK0  0000B8
___fttol@f1                      cstackBANK0  0000AA
___fttol@lval                    cstackBANK0  0000B4
___fttol@sign1                   cstackBANK0  0000B3
___inthi_sp                      stack        000000
___intlo_sp                      stack        000000
___lldiv                         text42       003D3C
___lldiv@counter                 cstackBANK0  00008C
___lldiv@dividend                cstackBANK0  000080
___lldiv@divisor                 cstackBANK0  000084
___lldiv@quotient                cstackBANK0  000088
___llmod                         text14       00414A
___llmod@counter                 cstackBANK0  000095
___llmod@dividend                cstackBANK0  00008D
___llmod@divisor                 cstackBANK0  000091
___lltoft                        text13       00437A
___lltoft@c                      cstackBANK0  000088
___lltoft@exp                    cstackBANK0  000090
___param_bank                    (abs)        000000
___rparam_used                   (abs)        000001
___sp                            stack        000000
___wmul                          text8        004808
___wmul@multiplicand             cstackBANK0  000090
___wmul@multiplier               cstackBANK0  00008E
___wmul@product                  cstackBANK0  000092
__accesstop                      (abs)        000080
__activetblptr                   (abs)        000002
__div_to_l_                      text12       002EFE
__div_to_l_@cntr                 cstackBANK0  00008A
__div_to_l_@exp1                 cstackBANK0  00008B
__div_to_l_@f1                   cstackBANK0  000080
__div_to_l_@f2                   cstackBANK0  000083
__div_to_l_@quot                 cstackBANK0  000086
__end_of_Eeprom_ReadByte         text21       004A10
__end_of_Eeprom_WriteByte        text43       00494E
__end_of_I2C_Master_Init         text41       004594
__end_of_I2C_Master_Read         text32       0048D0
__end_of_I2C_Master_Start        text31       004A8C
__end_of_I2C_Master_Stop         text30       004A84
__end_of_I2C_Master_Wait         text33       004A3A
__end_of_I2C_Master_Write        text29       004A7C
__end_of___awdiv                 text10       003D3C
__end_of___awmod                 text9        00414A
__end_of___awtoft                text37       0047C8
__end_of___ftadd                 text17       00272C
__end_of___ftdiv                 text36       003330
__end_of___ftge                  text19       003BBA
__end_of___ftmul                 text35       0031E4
__end_of___ftneg                 text18       0048A2
__end_of___ftpack                text38       00390A
__end_of___ftsub                 text16       00473E
__end_of___fttol                 text15       003474
__end_of___lldiv                 text42       003DF8
__end_of___llmod                 text14       0041E4
__end_of___lltoft                text13       0043F6
__end_of___wmul                  text8        00483E
__end_of__div_to_l_              text12       003086
__end_of__initialization         cinit        004966
__end_of__npowers_               mediumconst  00FEDC
__end_of__powers_                mediumconst  00FF03
__end_of__tdiv_to_l_             text11       002EFE
__end_of_calculate_elapsed_time  text40       004002
__end_of_clean_count             text39       004872
__end_of_convert_voltage         text34       0040A8
__end_of_current_time            text26       003C7E
__end_of_dpowers                 mediumconst  00FEB5
__end_of_fround                  text7        0024C4
__end_of_happynewyear            mediumconst  00FF3B
__end_of_hexpowers               mediumconst  00FF23
__end_of_initLCD                 text25       004784
__end_of_isdigit                 text6        004926
__end_of_keypressed              intcode_body 003EAA
__end_of_keys                    mediumconst  00FF34
__end_of_lcdInst                 text27       004A5A
__end_of_lcdNibble               text28       0044CE
__end_of_main                    text0        00197A
__end_of_move_stepper            text24       0046F2
__end_of_next_address            text20       004A26
__end_of_printf                  text3        000B0A
__end_of_putch                   text5        004A4A
__end_of_readADC                 text23       0048FC
__end_of_scale                   text4        001E28
__end_of_select_menu             text46       002BB4
__end_of_set_time                text22       0045F0
__end_of_show_log                text2        0036D6
__end_of_termination             text1        0049F8
__end_ofi2___awdiv               text56       0042F8
__end_ofi2___awmod               text55       004466
__end_ofi2___ftadd               text64       002D60
__end_ofi2___ftge                text67       004274
__end_ofi2___ftmul               text54       0039FE
__end_ofi2___ftneg               text66       0049BE
__end_ofi2___ftpack              text65       003F58
__end_ofi2___ftsub               text63       004808
__end_ofi2___fttol               text62       003AF2
__end_ofi2___lldiv               text61       00437A
__end_ofi2___llmod               text60       004534
__end_ofi2___lltoft              text59       00464C
__end_ofi2___wmul                text53       00499A
__end_ofi2__div_to_l_            text58       0037FE
__end_ofi2__tdiv_to_l_           text57       0035A6
__end_ofi2_fround                text52       002972
__end_ofi2_isdigit               text51       0049DC
__end_ofi2_lcdInst               text45       004A66
__end_ofi2_lcdNibble             text50       0046A2
__end_ofi2_printf                text47       001432
__end_ofi2_putch                 text49       004A72
__end_ofi2_scale                 text48       002218
__initialization                 cinit        00494E
__mediumconst                    mediumconst  00FE8C
__npowers_                       mediumconst  00FEB5
__pbssBANK1                      bssBANK1     000100
__pbssCOMRAM                     bssCOMRAM    000075
__pcinit                         cinit        00494E
__pcstackBANK0                   cstackBANK0  000080
__pcstackBANK1                   cstackBANK1  000114
__pcstackCOMRAM                  cstackCOMRAM 000001
__pintcode                       intcode      000008
__pintcode_body                  intcode_body 003DF8
__pmediumconst                   mediumconst  00FE8C
__powers_                        mediumconst  00FEDC
__ptext0                         text0        001432
__ptext1                         text1        0049DC
__ptext10                        text10       003C7E
__ptext11                        text11       002D60
__ptext12                        text12       002EFE
__ptext13                        text13       00437A
__ptext14                        text14       00414A
__ptext15                        text15       003330
__ptext16                        text16       0046F2
__ptext17                        text17       0024C4
__ptext18                        text18       004872
__ptext19                        text19       003AF2
__ptext2                         text2        0035A6
__ptext20                        text20       004A10
__ptext21                        text21       0049F8
__ptext22                        text22       004594
__ptext23                        text23       0048D0
__ptext24                        text24       0046A2
__ptext25                        text25       00473E
__ptext26                        text26       003BBA
__ptext27                        text27       004A4A
__ptext28                        text28       004466
__ptext29                        text29       004A72
__ptext3                         text3        000012
__ptext30                        text30       004A7C
__ptext31                        text31       004A84
__ptext32                        text32       0048A2
__ptext33                        text33       004A26
__ptext34                        text34       004002
__ptext35                        text35       003086
__ptext36                        text36       0031E4
__ptext37                        text37       004784
__ptext38                        text38       0037FE
__ptext39                        text39       00483E
__ptext4                         text4        00197A
__ptext40                        text40       003F58
__ptext41                        text41       004534
__ptext42                        text42       003D3C
__ptext43                        text43       004926
__ptext45                        text45       004A5A
__ptext46                        text46       002972
__ptext47                        text47       000B0A
__ptext48                        text48       001E28
__ptext49                        text49       004A66
__ptext5                         text5        004A3A
__ptext50                        text50       00464C
__ptext51                        text51       0049BE
__ptext52                        text52       00272C
__ptext53                        text53       004974
__ptext54                        text54       00390A
__ptext55                        text55       0043F6
__ptext56                        text56       004274
__ptext57                        text57       003474
__ptext58                        text58       0036D6
__ptext59                        text59       0045F0
__ptext6                         text6        0048FC
__ptext60                        text60       0044CE
__ptext61                        text61       0042F8
__ptext62                        text62       0039FE
__ptext63                        text63       0047C8
__ptext64                        text64       002BB4
__ptext65                        text65       003EAA
__ptext66                        text66       00499A
__ptext67                        text67       0041E4
__ptext7                         text7        002218
__ptext8                         text8        004808
__ptext9                         text9        0040A8
__ramtop                         ramtop       001000
__size_of_Eeprom_ReadByte        (abs)        000000
__size_of_Eeprom_WriteByte       (abs)        000000
__size_of_I2C_Master_Init        (abs)        000000
__size_of_I2C_Master_Read        (abs)        000000
__size_of_I2C_Master_Start       (abs)        000000
__size_of_I2C_Master_Stop        (abs)        000000
__size_of_I2C_Master_Wait        (abs)        000000
__size_of_I2C_Master_Write       (abs)        000000
__size_of___awdiv                (abs)        000000
__size_of___awmod                (abs)        000000
__size_of___awtoft               (abs)        000000
__size_of___ftadd                (abs)        000000
__size_of___ftdiv                (abs)        000000
__size_of___ftge                 (abs)        000000
__size_of___ftmul                (abs)        000000
__size_of___ftneg                (abs)        000000
__size_of___ftpack               (abs)        000000
__size_of___ftsub                (abs)        000000
__size_of___fttol                (abs)        000000
__size_of___lldiv                (abs)        000000
__size_of___llmod                (abs)        000000
__size_of___lltoft               (abs)        000000
__size_of___wmul                 (abs)        000000
__size_of__div_to_l_             (abs)        000000
__size_of__tdiv_to_l_            (abs)        000000
__size_of_calculate_elapsed_time (abs)        000000
__size_of_clean_count            (abs)        000000
__size_of_convert_voltage        (abs)        000000
__size_of_current_time           (abs)        000000
__size_of_fround                 (abs)        000000
__size_of_initLCD                (abs)        000000
__size_of_isdigit                (abs)        000000
__size_of_keypressed             (abs)        000000
__size_of_lcdInst                (abs)        000000
__size_of_lcdNibble              (abs)        000000
__size_of_main                   (abs)        000000
__size_of_move_stepper           (abs)        000000
__size_of_next_address           (abs)        000000
__size_of_printf                 (abs)        000000
__size_of_putch                  (abs)        000000
__size_of_readADC                (abs)        000000
__size_of_scale                  (abs)        000000
__size_of_select_menu            (abs)        000000
__size_of_set_time               (abs)        000000
__size_of_show_log               (abs)        000000
__size_of_termination            (abs)        000000
__size_ofi2___awdiv              (abs)        000000
__size_ofi2___awmod              (abs)        000000
__size_ofi2___ftadd              (abs)        000000
__size_ofi2___ftge               (abs)        000000
__size_ofi2___ftmul              (abs)        000000
__size_ofi2___ftneg              (abs)        000000
__size_ofi2___ftpack             (abs)        000000
__size_ofi2___ftsub              (abs)        000000
__size_ofi2___fttol              (abs)        000000
__size_ofi2___lldiv              (abs)        000000
__size_ofi2___llmod              (abs)        000000
__size_ofi2___lltoft             (abs)        000000
__size_ofi2___wmul               (abs)        000000
__size_ofi2__div_to_l_           (abs)        000000
__size_ofi2__tdiv_to_l_          (abs)        000000
__size_ofi2_fround               (abs)        000000
__size_ofi2_isdigit              (abs)        000000
__size_ofi2_lcdInst              (abs)        000000
__size_ofi2_lcdNibble            (abs)        000000
__size_ofi2_printf               (abs)        000000
__size_ofi2_putch                (abs)        000000
__size_ofi2_scale                (abs)        000000
__smallconst                     smallconst   000000
__tdiv_to_l_                     text11       002D60
__tdiv_to_l_@cntr                cstackBANK0  00008D
__tdiv_to_l_@exp1                cstackBANK0  00008E
__tdiv_to_l_@f1                  cstackBANK0  000080
__tdiv_to_l_@f2                  cstackBANK0  000083
__tdiv_to_l_@quot                cstackBANK0  000089
_calculate_elapsed_time          text40       003F58
_clean_count                     text39       00483E
_convert_voltage                 text34       004002
_current_time                    text26       003BBA
_dpowers                         mediumconst  00FE8D
_elapsed_time                    bssBANK1     000108
_ended                           bssCOMRAM    000075
_fround                          text7        002218
_fround$1337                     cstackBANK0  0000A9
_fround$1338                     cstackBANK0  0000A6
_happynewyear                    mediumconst  00FF34
_hexpowers                       mediumconst  00FF03
_initLCD                         text25       00473E
_is_active                       bssBANK1     00010A
_is_wait                         bssBANK1     00010C
_isdigit                         text6        0048FC
_isdigit$999                     cstackBANK0  000081
_keypressed                      intcode      000008
_keys                            mediumconst  00FF23
_lcdInst                         text27       004A4A
_lcdNibble                       text28       004466
_log                             bssBANK1     00010E
_main                            text0        001432
_menu                            bssBANK1     000110
_move_stepper                    text24       0046A2
_nRBPU                           (abs)        007F8F
_next_address                    text20       004A10
_printf                          text3        000012
_printf$1340                     cstackBANK0  0000D2
_putch                           text5        004A3A
_quit                            bssCOMRAM    000077
_readADC                         text23       0048D0
_scale                           text4        00197A
_scale$1339                      cstackBANK0  0000A6
_select_menu                     text46       002972
_set_time                        text22       004594
_show_log                        text2        0035A6
_started                         bssCOMRAM    000079
_termination                     text1        0049DC
_total_num                       bssBANK1     000112
btemp                            temp         00007B
calculate_elapsed_time@time      cstackBANK0  000080
convert_voltage@high             cstackBANK0  0000B2
convert_voltage@low              cstackBANK0  0000B4
convert_voltage@reading          cstackBANK0  0000B8
current_time@i                   cstackBANK0  000087
current_time@time                cstackBANK0  000083
end_of_initialization            cinit        004966
fround@prec                      cstackBANK0  0000AC
i2___awdiv                       text56       004274
i2___awdiv@counter               cstackCOMRAM 00000B
i2___awdiv@dividend              cstackCOMRAM 000007
i2___awdiv@divisor               cstackCOMRAM 000009
i2___awdiv@quotient              cstackCOMRAM 00000D
i2___awdiv@sign                  cstackCOMRAM 00000C
i2___awmod                       text55       0043F6
i2___awmod@counter               cstackCOMRAM 000005
i2___awmod@dividend              cstackCOMRAM 000001
i2___awmod@divisor               cstackCOMRAM 000003
i2___awmod@sign                  cstackCOMRAM 000006
i2___ftadd                       text64       002BB4
i2___ftadd@exp1                  cstackCOMRAM 000039
i2___ftadd@exp2                  cstackCOMRAM 000038
i2___ftadd@f1                    cstackCOMRAM 00002E
i2___ftadd@f2                    cstackCOMRAM 000031
i2___ftadd@sign                  cstackCOMRAM 000037
i2___ftge                        text67       0041E4
i2___ftge@ff1                    cstackCOMRAM 000001
i2___ftge@ff2                    cstackCOMRAM 000004
i2___ftmul                       text54       00390A
i2___ftmul@cntr                  cstackCOMRAM 000022
i2___ftmul@exp                   cstackCOMRAM 00001E
i2___ftmul@f1                    cstackCOMRAM 000015
i2___ftmul@f2                    cstackCOMRAM 000018
i2___ftmul@f3_as_product         cstackCOMRAM 00001F
i2___ftmul@sign                  cstackCOMRAM 000023
i2___ftneg                       text66       00499A
i2___ftneg@f1                    cstackCOMRAM 000001
i2___ftpack                      text65       003EAA
i2___ftpack@arg                  cstackCOMRAM 000001
i2___ftpack@exp                  cstackCOMRAM 000004
i2___ftpack@sign                 cstackCOMRAM 000005
i2___ftsub                       text63       0047C8
i2___ftsub@f1                    cstackCOMRAM 00003A
i2___ftsub@f2                    cstackCOMRAM 00003D
i2___fttol                       text62       0039FE
i2___fttol@exp1                  cstackCOMRAM 000039
i2___fttol@f1                    cstackCOMRAM 00002B
i2___fttol@lval                  cstackCOMRAM 000035
i2___fttol@sign1                 cstackCOMRAM 000034
i2___lldiv                       text61       0042F8
i2___lldiv@counter               cstackCOMRAM 00000D
i2___lldiv@dividend              cstackCOMRAM 000001
i2___lldiv@divisor               cstackCOMRAM 000005
i2___lldiv@quotient              cstackCOMRAM 000009
i2___llmod                       text60       0044CE
i2___llmod@counter               cstackCOMRAM 000016
i2___llmod@dividend              cstackCOMRAM 00000E
i2___llmod@divisor               cstackCOMRAM 000012
i2___lltoft                      text59       0045F0
i2___lltoft@c                    cstackCOMRAM 000009
i2___lltoft@exp                  cstackCOMRAM 000011
i2___wmul                        text53       004974
i2___wmul@multiplicand           cstackCOMRAM 000011
i2___wmul@multiplier             cstackCOMRAM 00000F
i2___wmul@product                cstackCOMRAM 000013
i2__div_to_l_                    text58       0036D6
i2__div_to_l_@cntr               cstackCOMRAM 00000B
i2__div_to_l_@exp1               cstackCOMRAM 00000C
i2__div_to_l_@f1                 cstackCOMRAM 000001
i2__div_to_l_@f2                 cstackCOMRAM 000004
i2__div_to_l_@quot               cstackCOMRAM 000007
i2__tdiv_to_l_                   text57       003474
i2__tdiv_to_l_@cntr              cstackCOMRAM 00000E
i2__tdiv_to_l_@exp1              cstackCOMRAM 00000F
i2__tdiv_to_l_@f1                cstackCOMRAM 000001
i2__tdiv_to_l_@f2                cstackCOMRAM 000004
i2__tdiv_to_l_@quot              cstackCOMRAM 00000A
i2_fround                        text52       00272C
i2_fround$1511                   cstackCOMRAM 00002A
i2_fround$1512                   cstackCOMRAM 000027
i2_isdigit                       text51       0049BE
i2_isdigit$999                   cstackCOMRAM 000002
i2_lcdInst                       text45       004A5A
i2_lcdNibble                     text50       00464C
i2_printf                        text47       000B0A
i2_printf$1514                   cstackCOMRAM 000048
i2_putch                         text49       004A66
i2_scale                         text48       001E28
i2_scale$1513                    cstackCOMRAM 000027
i2fround@prec                    cstackCOMRAM 00002D
i2isdigit@c                      cstackCOMRAM 000003
i2lcdInst@data                   cstackCOMRAM 000003
i2lcdNibble@data                 cstackCOMRAM 000002
i2lcdNibble@temp                 cstackCOMRAM 000001
i2printf@ap                      cstackCOMRAM 00004C
i2printf@c                       cstackCOMRAM 000061
i2printf@exp                     cstackCOMRAM 000058
i2printf@f                       cstackCOMRAM 000040
i2printf@flag                    cstackCOMRAM 000050
i2printf@fval                    cstackCOMRAM 00005E
i2printf@idx                     cstackCOMRAM 00004B
i2printf@prec                    cstackCOMRAM 000052
i2printf@tmpval                  cstackCOMRAM 000054
i2printf@val                     cstackCOMRAM 00005A
i2printf@width                   cstackCOMRAM 00004E
i2putch@data                     cstackCOMRAM 000003
i2scale@scl                      cstackCOMRAM 00002A
int$flags                        temp         00007B
int_func                         intcode_body 003DF8
intlevel0                        text         000000
intlevel1                        text         000000
intlevel2                        text         000000
intlevel3                        text         000000
isdigit@c                        cstackBANK0  000082
keypressed@keypress              cstackCOMRAM 000074
lcdInst@data                     cstackBANK0  000082
lcdNibble@data                   cstackBANK0  000081
lcdNibble@temp                   cstackBANK0  000080
main@address                     cstackBANK1  00011D
main@is_battery                  cstackBANK1  00011B
main@time                        cstackBANK1  000114
move_stepper@duty                cstackBANK0  000082
move_stepper@i                   cstackBANK0  000085
move_stepper@loop_duration       cstackBANK0  000080
next_address@address             cstackBANK0  000080
printf@ap                        cstackBANK0  0000D6
printf@c                         cstackBANK0  0000EB
printf@exp                       cstackBANK0  0000E2
printf@f                         cstackBANK0  0000BF
printf@flag                      cstackBANK0  0000DA
printf@fval                      cstackBANK0  0000E8
printf@idx                       cstackBANK0  0000D5
printf@prec                      cstackBANK0  0000DC
printf@tmpval                    cstackBANK0  0000DE
printf@val                       cstackBANK0  0000E4
printf@width                     cstackBANK0  0000D8
putch@data                       cstackBANK0  000082
readADC@channel                  cstackBANK0  000081
scale@scl                        cstackBANK0  0000A9
select_menu@temp                 cstackCOMRAM 000064
set_time@i                       cstackBANK0  000083
show_log@AA_num                  cstackBANK0  0000EF
show_log@C_num                   cstackBANK0  0000F1
show_log@Drain_num               cstackBANK0  0000F5
show_log@Nine_num                cstackBANK0  0000F3
show_log@address                 cstackBANK0  0000F9
show_log@elapsed_time            cstackBANK0  0000F7
show_log@log_address             cstackBANK0  0000EC
stackhi                          (abs)        000F7F
stacklo                          (abs)        00011F
start                            init         00000E
start_initialization             cinit        00494E
termination@time_now             cstackBANK0  000080


FUNCTION INFORMATION:

 *************** function _main *****************
 Defined at:
		line 86 in file "main.c"
 Parameters:    Size  Location     Type
		None
 Auto vars:     Size  Location     Type
  time            7    0[BANK1 ] unsigned char [7]
  is_battery      2    7[BANK1 ] unsigned int 
  address         2    9[BANK1 ] unsigned int 
 Return value:  Size  Location     Type
                  1    wreg      void 
 Registers used:
		wreg, fsr2l, fsr2h, status,2, status,0, tblptrl, tblptrh, tblptru, prodl, prodh, cstack
 Tracked objects:
		On entry : 
		On exit  : 
		Unchanged: 
 Data sizes:     COMRAM   BANK0   BANK1   BANK2   BANK3   BANK4   BANK5   BANK6   BANK7   BANK8   BANK9  BANK10  BANK11  BANK12  BANK13  BANK14  BANK15
      Params:         0       0       0       0       0       0       0       0       0       0       0       0       0       0       0       0       0
      Locals:         0       0      11       0       0       0       0       0       0       0       0       0       0       0       0       0       0
      Temps:          0       2       0       0       0       0       0       0       0       0       0       0       0       0       0       0       0
      Totals:         0       2      11       0       0       0       0       0       0       0       0       0       0       0       0       0       0
Total ram usage:       13 bytes
 Hardware stack levels required when called:   11
 This function calls:
		_Eeprom_WriteByte
		_I2C_Master_Init
		_calculate_elapsed_time
		_clean_count
		_convert_voltage
		_current_time
		_initLCD
		_lcdInst
		_move_stepper
		_next_address
		_printf
		_readADC
		_set_time
		_show_log
		_termination
 This function is called by:
		Startup code after reset
 This function uses a non-reentrant model


 *************** function _termination *****************
 Defined at:
		line 446 in file "main.c"
 Parameters:    Size  Location     Type
  time_now        2    0[BANK0 ] unsigned int 
 Auto vars:     Size  Location     Type
		None
 Return value:  Size  Location     Type
                  1    wreg      void 
 Registers used:
		wreg, status,2, status,0
 Tracked objects:
		On entry : 
		On exit  : 
		Unchanged: 
 Data sizes:     COMRAM   BANK0   BANK1   BANK2   BANK3   BANK4   BANK5   BANK6   BANK7   BANK8   BANK9  BANK10  BANK11  BANK12  BANK13  BANK14  BANK15
      Params:         0       2       0       0       0       0       0       0       0       0       0       0       0       0       0       0       0
      Locals:         0       0       0       0       0       0       0       0       0       0       0       0       0       0       0       0       0
      Temps:          0       0       0       0       0       0       0       0       0       0       0       0       0       0       0       0       0
      Totals:         0       2       0       0       0       0       0       0       0       0       0       0       0       0       0       0       0
Total ram usage:        2 bytes
 Hardware stack levels used:    1
 Hardware stack levels required when called:    6
 This function calls:
		Nothing
 This function is called by:
		_main
 This function uses a non-reentrant model


 *************** function _show_log *****************
 Defined at:
		line 552 in file "main.c"
 Parameters:    Size  Location     Type
  log_address     2  108[BANK0 ] unsigned int 
 Auto vars:     Size  Location     Type
  address         2  121[BANK0 ] unsigned int 
  elapsed_time    2  119[BANK0 ] unsigned int 
  Drain_num       2  117[BANK0 ] unsigned int 
  Nine_num        2  115[BANK0 ] unsigned int 
  C_num           2  113[BANK0 ] unsigned int 
  AA_num          2  111[BANK0 ] unsigned int 
 Return value:  Size  Location     Type
                  1    wreg      void 
 Registers used:
		wreg, fsr2l, fsr2h, status,2, status,0, tblptrl, tblptrh, tblptru, prodl, prodh, cstack
 Tracked objects:
		On entry : 
		On exit  : 
		Unchanged: 
 Data sizes:     COMRAM   BANK0   BANK1   BANK2   BANK3   BANK4   BANK5   BANK6   BANK7   BANK8   BANK9  BANK10  BANK11  BANK12  BANK13  BANK14  BANK15
      Params:         0       2       0       0       0       0       0       0       0       0       0       0       0       0       0       0       0
      Locals:         0      12       0       0       0       0       0       0       0       0       0       0       0       0       0       0       0
      Temps:          0       1       0       0       0       0       0       0       0       0       0       0       0       0       0       0       0
      Totals:         0      15       0       0       0       0       0       0       0       0       0       0       0       0       0       0       0
Total ram usage:       15 bytes
 Hardware stack levels used:    1
 Hardware stack levels required when called:   10
 This function calls:
		_Eeprom_ReadByte
		_lcdInst
		_next_address
		_printf
 This function is called by:
		_main
 This function uses a non-reentrant model


 *************** function _printf *****************
 Defined at:
		line 464 in file "/Applications/microchip/xc8/v1.40/sources/common/doprnt.c"
 Parameters:    Size  Location     Type
  f               2   63[BANK0 ] PTR const unsigned char 
		 -> STR_20(17), STR_19(17), STR_18(6), STR_17(15), 
		 -> STR_16(12), STR_15(15), STR_14(12), STR_13(15), 
		 -> STR_12(14), STR_11(15), STR_10(13), STR_9(15), 
		 -> STR_8(14), STR_7(15), STR_6(10), STR_5(15), 
		 -> STR_4(17), STR_3(15), STR_2(15), STR_1(17), 
 Auto vars:     Size  Location     Type
  idx             1   85[BANK0 ] unsigned char 
  val             4  100[BANK0 ] unsigned long 
  tmpval          4   94[BANK0 ] struct .
  fval            3  104[BANK0 ] struct .
  cp              3    0        PTR const unsigned char 
  exp             2   98[BANK0 ] int 
  prec            2   92[BANK0 ] int 
  flag            2   90[BANK0 ] unsigned short 
  width           2   88[BANK0 ] int 
  ap              2   86[BANK0 ] PTR void [1]
		 -> ?i2_printf(2), ?_printf(2), 
  len             2    0        unsigned int 
  c               1  107[BANK0 ] char 
  d               1    0        unsigned char 
 Return value:  Size  Location     Type
                  2   63[BANK0 ] int 
 Registers used:
		wreg, fsr2l, fsr2h, status,2, status,0, tblptrl, tblptrh, tblptru, prodl, prodh, cstack
 Tracked objects:
		On entry : 
		On exit  : 
		Unchanged: 
 Data sizes:     COMRAM   BANK0   BANK1   BANK2   BANK3   BANK4   BANK5   BANK6   BANK7   BANK8   BANK9  BANK10  BANK11  BANK12  BANK13  BANK14  BANK15
      Params:         0      13       0       0       0       0       0       0       0       0       0       0       0       0       0       0       0
      Locals:         0      26       0       0       0       0       0       0       0       0       0       0       0       0       0       0       0
      Temps:          0       6       0       0       0       0       0       0       0       0       0       0       0       0       0       0       0
      Totals:         0      45       0       0       0       0       0       0       0       0       0       0       0       0       0       0       0
Total ram usage:       45 bytes
 Hardware stack levels used:    1
 Hardware stack levels required when called:    9
 This function calls:
		___awdiv
		___ftadd
		___ftge
		___ftmul
		___ftneg
		___ftsub
		___fttol
		___lldiv
		___llmod
		___lltoft
		___wmul
		__div_to_l_
		__tdiv_to_l_
		_fround
		_isdigit
		_putch
		_scale
 This function is called by:
		_main
		_show_log
 This function uses a non-reentrant model


 *************** function _scale *****************
 Defined at:
		line 425 in file "/Applications/microchip/xc8/v1.40/sources/common/doprnt.c"
 Parameters:    Size  Location     Type
  scl             1    wreg     char 
 Auto vars:     Size  Location     Type
  scl             1   41[BANK0 ] char 
 Return value:  Size  Location     Type
                  3   35[BANK0 ] char 
 Registers used:
		wreg, status,2, status,0, tblptrl, tblptrh, tblptru, prodl, prodh, cstack
 Tracked objects:
		On entry : 
		On exit  : 
		Unchanged: 
 Data sizes:     COMRAM   BANK0   BANK1   BANK2   BANK3   BANK4   BANK5   BANK6   BANK7   BANK8   BANK9  BANK10  BANK11  BANK12  BANK13  BANK14  BANK15
      Params:         0       3       0       0       0       0       0       0       0       0       0       0       0       0       0       0       0
      Locals:         0       4       0       0       0       0       0       0       0       0       0       0       0       0       0       0       0
      Temps:          0       0       0       0       0       0       0       0       0       0       0       0       0       0       0       0       0
      Totals:         0       7       0       0       0       0       0       0       0       0       0       0       0       0       0       0       0
Total ram usage:        7 bytes
 Hardware stack levels used:    1
 Hardware stack levels required when called:    8
 This function calls:
		___awdiv
		___awmod
		___ftmul
		___wmul
 This function is called by:
		_printf
 This function uses a non-reentrant model


 *************** function _putch *****************
 Defined at:
		line 30 in file "lcd.c"
 Parameters:    Size  Location     Type
  data            1    wreg     unsigned char 
 Auto vars:     Size  Location     Type
  data            1    2[BANK0 ] unsigned char 
 Return value:  Size  Location     Type
                  1    wreg      void 
 Registers used:
		wreg, status,2, status,0, cstack
 Tracked objects:
		On entry : 
		On exit  : 
		Unchanged: 
 Data sizes:     COMRAM   BANK0   BANK1   BANK2   BANK3   BANK4   BANK5   BANK6   BANK7   BANK8   BANK9  BANK10  BANK11  BANK12  BANK13  BANK14  BANK15
      Params:         0       0       0       0       0       0       0       0       0       0       0       0       0       0       0       0       0
      Locals:         0       1       0       0       0       0       0       0       0       0       0       0       0       0       0       0       0
      Temps:          0       0       0       0       0       0       0       0       0       0       0       0       0       0       0       0       0
      Totals:         0       1       0       0       0       0       0       0       0       0       0       0       0       0       0       0       0
Total ram usage:        1 bytes
 Hardware stack levels used:    1
 Hardware stack levels required when called:    7
 This function calls:
		_lcdNibble
 This function is called by:
		_printf
 This function uses a non-reentrant model


 *************** function _isdigit *****************
 Defined at:
		line 8 in file "/Applications/microchip/xc8/v1.40/sources/common/isdigit.c"
 Parameters:    Size  Location     Type
  c               1    wreg     unsigned char 
 Auto vars:     Size  Location     Type
  c               1    2[BANK0 ] unsigned char 
 Return value:  Size  Location     Type
		None               void
 Registers used:
		wreg, status,2, status,0
 Tracked objects:
		On entry : 
		On exit  : 
		Unchanged: 
 Data sizes:     COMRAM   BANK0   BANK1   BANK2   BANK3   BANK4   BANK5   BANK6   BANK7   BANK8   BANK9  BANK10  BANK11  BANK12  BANK13  BANK14  BANK15
      Params:         0       0       0       0       0       0       0       0       0       0       0       0       0       0       0       0       0
      Locals:         0       2       0       0       0       0       0       0       0       0       0       0       0       0       0       0       0
[...]
		line 35 in file "/Applications/microchip/xc8/v1.40/sources/common/lltoft.c"
 Parameters:    Size  Location     Type
  c               4    8[COMRAM] unsigned long 
 Auto vars:     Size  Location     Type
  __lltoft        1   16[COMRAM] unsigned char 
 Return value:  Size  Location     Type
                  3    8[COMRAM] float 
 Registers used:
		wreg, status,2, status,0, cstack
 Tracked objects:
		On entry : 
		On exit  : 
		Unchanged: 
 Data sizes:     COMRAM   BANK0   BANK1   BANK2   BANK3   BANK4   BANK5   BANK6   BANK7   BANK8   BANK9  BANK10  BANK11  BANK12  BANK13  BANK14  BANK15
      Params:         4       0       0       0       0       0       0       0       0       0       0       0       0       0       0       0       0
      Locals:         1       0       0       0       0       0       0       0       0       0       0       0       0       0       0       0       0
      Temps:          4       0       0       0       0       0       0       0       0       0       0       0       0       0       0       0       0
      Totals:         9       0       0       0       0       0       0       0       0       0       0       0       0       0       0       0       0
Total ram usage:        9 bytes
 Hardware stack levels used:    1
 Hardware stack levels required when called:    1
 This function calls:
		i2___ftpack
 This function is called by:
		i2_printf
 This function uses a non-reentrant model


 *************** function i2___llmod *****************
 Defined at:
		line 8 in file "/Applications/microchip/xc8/v1.40/sources/common/llmod.c"
 Parameters:    Size  Location     Type
  dividend        4   13[COMRAM] unsigned long 
  divisor         4   17[COMRAM] unsigned long 
 Auto vars:     Size  Location     Type
  __llmod         1   21[COMRAM] unsigned char 
 Return value:  Size  Location     Type
                  4   13[COMRAM] unsigned long 
 Registers used:
		wreg, status,2, status,0
 Tracked objects:
		On entry : 
		On exit  : 
		Unchanged: 
 Data sizes:     COMRAM   BANK0   BANK1   BANK2   BANK3   BANK4   BANK5   BANK6   BANK7   BANK8   BANK9  BANK10  BANK11  BANK12  BANK13  BANK14  BANK15
      Params:         8       0       0       0       0       0       0       0       0       0       0       0       0       0       0       0       0
      Locals:         1       0       0       0       0       0       0       0       0       0       0       0       0       0       0       0       0
      Temps:          0       0       0       0       0       0       0       0       0       0       0       0       0       0       0       0       0
      Totals:         9       0       0       0       0       0       0       0       0       0       0       0       0       0       0       0       0
Total ram usage:        9 bytes
 Hardware stack levels used:    1
 This function calls:
		Nothing
 This function is called by:
		i2_printf
 This function uses a non-reentrant model


 *************** function i2___lldiv *****************
 Defined at:
		line 8 in file "/Applications/microchip/xc8/v1.40/sources/common/lldiv.c"
 Parameters:    Size  Location     Type
  dividend        4    0[COMRAM] unsigned long 
  divisor         4    4[COMRAM] unsigned long 
 Auto vars:     Size  Location     Type
  __lldiv         4    8[COMRAM] unsigned long 
  __lldiv         1   12[COMRAM] unsigned char 
 Return value:  Size  Location     Type
                  4    0[COMRAM] unsigned long 
 Registers used:
		wreg, status,2, status,0
 Tracked objects:
		On entry : 
		On exit  : 
		Unchanged: 
 Data sizes:     COMRAM   BANK0   BANK1   BANK2   BANK3   BANK4   BANK5   BANK6   BANK7   BANK8   BANK9  BANK10  BANK11  BANK12  BANK13  BANK14  BANK15
      Params:         8       0       0       0       0       0       0       0       0       0       0       0       0       0       0       0       0
      Locals:         5       0       0       0       0       0       0       0       0       0       0       0       0       0       0       0       0
      Temps:          0       0       0       0       0       0       0       0       0       0       0       0       0       0       0       0       0
      Totals:        13       0       0       0       0       0       0       0       0       0       0       0       0       0       0       0       0
Total ram usage:       13 bytes
 Hardware stack levels used:    1
 This function calls:
		Nothing
 This function is called by:
		i2_printf
 This function uses a non-reentrant model


 *************** function i2___fttol *****************
 Defined at:
		line 44 in file "/Applications/microchip/xc8/v1.40/sources/common/fttol.c"
 Parameters:    Size  Location     Type
  f1              3   42[COMRAM] float 
 Auto vars:     Size  Location     Type
  __fttol         4   52[COMRAM] unsigned long 
  __fttol         1   56[COMRAM] unsigned char 
  __fttol         1   51[COMRAM] unsigned char 
 Return value:  Size  Location     Type
                  4   42[COMRAM] long 
 Registers used:
		wreg, status,2, status,0
 Tracked objects:
		On entry : 
		On exit  : 
		Unchanged: 
 Data sizes:     COMRAM   BANK0   BANK1   BANK2   BANK3   BANK4   BANK5   BANK6   BANK7   BANK8   BANK9  BANK10  BANK11  BANK12  BANK13  BANK14  BANK15
      Params:         4       0       0       0       0       0       0       0       0       0       0       0       0       0       0       0       0
      Locals:         6       0       0       0       0       0       0       0       0       0       0       0       0       0       0       0       0
      Temps:          5       0       0       0       0       0       0       0       0       0       0       0       0       0       0       0       0
      Totals:        15       0       0       0       0       0       0       0       0       0       0       0       0       0       0       0       0
Total ram usage:       15 bytes
 Hardware stack levels used:    1
 This function calls:
		Nothing
 This function is called by:
		i2_printf
 This function uses a non-reentrant model


 *************** function i2___ftsub *****************
 Defined at:
		line 20 in file "/Applications/microchip/xc8/v1.40/sources/common/ftsub.c"
 Parameters:    Size  Location     Type
  f1              3   57[COMRAM] float 
  f2              3   60[COMRAM] float 
 Auto vars:     Size  Location     Type
		None
 Return value:  Size  Location     Type
                  3   57[COMRAM] float 
 Registers used:
		wreg, status,2, status,0, cstack
 Tracked objects:
		On entry : 
		On exit  : 
		Unchanged: 
 Data sizes:     COMRAM   BANK0   BANK1   BANK2   BANK3   BANK4   BANK5   BANK6   BANK7   BANK8   BANK9  BANK10  BANK11  BANK12  BANK13  BANK14  BANK15
      Params:         6       0       0       0       0       0       0       0       0       0       0       0       0       0       0       0       0
      Locals:         0       0       0       0       0       0       0       0       0       0       0       0       0       0       0       0       0
      Temps:          0       0       0       0       0       0       0       0       0       0       0       0       0       0       0       0       0
      Totals:         6       0       0       0       0       0       0       0       0       0       0       0       0       0       0       0       0
Total ram usage:        6 bytes
 Hardware stack levels used:    1
 Hardware stack levels required when called:    2
 This function calls:
		i2___ftadd
 This function is called by:
		i2_printf
 This function uses a non-reentrant model


 *************** function i2___ftadd *****************
 Defined at:
		line 86 in file "/Applications/microchip/xc8/v1.40/sources/common/ftadd.c"
 Parameters:    Size  Location     Type
  f1              3   45[COMRAM] float 
  f2              3   48[COMRAM] float 
 Auto vars:     Size  Location     Type
  __ftadd         1   56[COMRAM] unsigned char 
  __ftadd         1   55[COMRAM] unsigned char 
  __ftadd         1   54[COMRAM] unsigned char 
 Return value:  Size  Location     Type
                  3   45[COMRAM] float 
 Registers used:
		wreg, status,2, status,0, cstack
 Tracked objects:
		On entry : 
		On exit  : 
		Unchanged: 
 Data sizes:     COMRAM   BANK0   BANK1   BANK2   BANK3   BANK4   BANK5   BANK6   BANK7   BANK8   BANK9  BANK10  BANK11  BANK12  BANK13  BANK14  BANK15
      Params:         6       0       0       0       0       0       0       0       0       0       0       0       0       0       0       0       0
      Locals:         3       0       0       0       0       0       0       0       0       0       0       0       0       0       0       0       0
      Temps:          3       0       0       0       0       0       0       0       0       0       0       0       0       0       0       0       0
      Totals:        12       0       0       0       0       0       0       0       0       0       0       0       0       0       0       0       0
Total ram usage:       12 bytes
 Hardware stack levels used:    1
 Hardware stack levels required when called:    1
 This function calls:
		i2___ftpack
 This function is called by:
		i2_printf
		i2___ftsub
 This function uses a non-reentrant model


 *************** function i2___ftpack *****************
 Defined at:
		line 62 in file "/Applications/microchip/xc8/v1.40/sources/common/float.c"
 Parameters:    Size  Location     Type
  arg             3    0[COMRAM] unsigned um
  exp             1    3[COMRAM] unsigned char 
  sign            1    4[COMRAM] unsigned char 
 Auto vars:     Size  Location     Type
		None
 Return value:  Size  Location     Type
                  3    0[COMRAM] float 
 Registers used:
		wreg, status,2, status,0
 Tracked objects:
		On entry : 
		On exit  : 
		Unchanged: 
 Data sizes:     COMRAM   BANK0   BANK1   BANK2   BANK3   BANK4   BANK5   BANK6   BANK7   BANK8   BANK9  BANK10  BANK11  BANK12  BANK13  BANK14  BANK15
      Params:         5       0       0       0       0       0       0       0       0       0       0       0       0       0       0       0       0
      Locals:         0       0       0       0       0       0       0       0       0       0       0       0       0       0       0       0       0
      Temps:          3       0       0       0       0       0       0       0       0       0       0       0       0       0       0       0       0
      Totals:         8       0       0       0       0       0       0       0       0       0       0       0       0       0       0       0       0
Total ram usage:        8 bytes
 Hardware stack levels used:    1
 This function calls:
		Nothing
 This function is called by:
		i2___ftadd
		i2___ftmul
		i2___lltoft
 This function uses a non-reentrant model


 *************** function i2___ftneg *****************
 Defined at:
		line 15 in file "/Applications/microchip/xc8/v1.40/sources/common/ftneg.c"
 Parameters:    Size  Location     Type
  f1              3    0[COMRAM] float 
 Auto vars:     Size  Location     Type
		None
 Return value:  Size  Location     Type
                  3    0[COMRAM] float 
 Registers used:
		wreg, status,2, status,0
 Tracked objects:
		On entry : 
		On exit  : 
		Unchanged: 
 Data sizes:     COMRAM   BANK0   BANK1   BANK2   BANK3   BANK4   BANK5   BANK6   BANK7   BANK8   BANK9  BANK10  BANK11  BANK12  BANK13  BANK14  BANK15
      Params:         3       0       0       0       0       0       0       0       0       0       0       0       0       0       0       0       0
      Locals:         0       0       0       0       0       0       0       0       0       0       0       0       0       0       0       0       0
      Temps:          0       0       0       0       0       0       0       0       0       0       0       0       0       0       0       0       0
      Totals:         3       0       0       0       0       0       0       0       0       0       0       0       0       0       0       0       0
Total ram usage:        3 bytes
 Hardware stack levels used:    1
 This function calls:
		Nothing
 This function is called by:
		i2_printf
 This function uses a non-reentrant model


 *************** function i2___ftge *****************
 Defined at:
		line 4 in file "/Applications/microchip/xc8/v1.40/sources/common/ftge.c"
 Parameters:    Size  Location     Type
  ff1             3    0[COMRAM] float 
  ff2             3    3[COMRAM] float 
 Auto vars:     Size  Location     Type
		None
 Return value:  Size  Location     Type
		None               void
 Registers used:
		wreg, status,2, status,0
 Tracked objects:
		On entry : 
		On exit  : 
		Unchanged: 
 Data sizes:     COMRAM   BANK0   BANK1   BANK2   BANK3   BANK4   BANK5   BANK6   BANK7   BANK8   BANK9  BANK10  BANK11  BANK12  BANK13  BANK14  BANK15
      Params:         6       0       0       0       0       0       0       0       0       0       0       0       0       0       0       0       0
      Locals:         0       0       0       0       0       0       0       0       0       0       0       0       0       0       0       0       0
      Temps:          3       0       0       0       0       0       0       0       0       0       0       0       0       0       0       0       0
      Totals:         9       0       0       0       0       0       0       0       0       0       0       0       0       0       0       0       0
Total ram usage:        9 bytes
 Hardware stack levels used:    1
 This function calls:
		Nothing
 This function is called by:
		i2_printf
 This function uses a non-reentrant model



MODULE INFORMATION

Module		Function		Class		Link	Load	Size
/Applications/microchip/xc8/v1.40/sources/common/ftneg.c
		___ftneg       		CODE           	4872	0000	49

/Applications/microchip/xc8/v1.40/sources/common/ftneg.c estimated size: 49

/Applications/microchip/xc8/v1.40/sources/common/awtoft.c
		___awtoft      		CODE           	4784	0000	69

/Applications/microchip/xc8/v1.40/sources/common/awtoft.c estimated size: 69

/Applications/microchip/xc8/v1.40/sources/common/ftsub.c
		___ftsub       		CODE           	46F2	0000	77

/Applications/microchip/xc8/v1.40/sources/common/ftsub.c estimated size: 77

/Applications/microchip/xc8/v1.40/sources/common/float.c
		___ftpack      		CODE           	37FE	0000	269

/Applications/microchip/xc8/v1.40/sources/common/float.c estimated size: 269

/Applications/microchip/xc8/v1.40/sources/common/awmod.c
		___awmod       		CODE           	40A8	0000	163

/Applications/microchip/xc8/v1.40/sources/common/awmod.c estimated size: 163

/Applications/microchip/xc8/v1.40/sources/common/llmod.c
		___llmod       		CODE           	414A	0000	155

/Applications/microchip/xc8/v1.40/sources/common/llmod.c estimated size: 155

/Applications/microchip/xc8/v1.40/sources/common/lltoft.c
		___lltoft      		CODE           	437A	0000	125

/Applications/microchip/xc8/v1.40/sources/common/lltoft.c estimated size: 125

I2C.c
		_I2C_Master_Read		CODE           	48A2	0000	47
		_I2C_Master_Wait		CODE           	4A26	0000	21
		_I2C_Master_Init		CODE           	4534	0000	97
		_I2C_Master_Stop		CODE           	4A7C	0000	9
		_I2C_Master_Write		CODE           	4A72	0000	11
		_I2C_Master_Start		CODE           	4A84	0000	9

I2C.c estimated size: 194

/Applications/microchip/xc8/v1.40/sources/common/ftmul.c
		___ftmul       		CODE           	3086	0000	351

/Applications/microchip/xc8/v1.40/sources/common/ftmul.c estimated size: 351

/Applications/microchip/xc8/v1.40/sources/common/doprnt.c
		_scale         		CODE           	197A	0000	1199
		_printf        		CODE           	0012	0000	2809
		_fround        		CODE           	2218	0000	685

/Applications/microchip/xc8/v1.40/sources/common/doprnt.c estimated size: 4693

/Applications/microchip/xc8/v1.40/sources/common/ftdiv.c
		___ftdiv       		CODE           	31E4	0000	333

/Applications/microchip/xc8/v1.40/sources/common/ftdiv.c estimated size: 333

/Applications/microchip/xc8/v1.40/sources/common/ftdivl.c
		__tdiv_to_l_   		CODE           	2D60	0000	415

/Applications/microchip/xc8/v1.40/sources/common/ftdivl.c estimated size: 415

/Applications/microchip/xc8/v1.40/sources/common/awdiv.c
		___awdiv       		CODE           	3C7E	0000	191

/Applications/microchip/xc8/v1.40/sources/common/awdiv.c estimated size: 191

/Applications/microchip/xc8/v1.40/sources/common/Umul16.c
		___wmul        		CODE           	4808	0000	55

/Applications/microchip/xc8/v1.40/sources/common/Umul16.c estimated size: 55

/Applications/microchip/xc8/v1.40/sources/common/ftge.c
		___ftge        		CODE           	3AF2	0000	201

/Applications/microchip/xc8/v1.40/sources/common/ftge.c estimated size: 201

/Applications/microchip/xc8/v1.40/sources/common/lldiv.c
		___lldiv       		CODE           	3D3C	0000	189

/Applications/microchip/xc8/v1.40/sources/common/lldiv.c estimated size: 189

shared
		i2_printf      		CODE           	0B0A	0000	2345
		i2___ftneg     		CODE           	499A	0000	37
		i2_putch       		CODE           	4A66	0000	13
		i2___ftadd     		CODE           	2BB4	0000	429
		i2_lcdNibble   		CODE           	464C	0000	87
		__powers_      		MEDIUMCONST    	FEDC	0000	40
		i2___fttol     		CODE           	39FE	0000	245
		_dpowers       		MEDIUMCONST    	FE8D	0000	41
		i2___ftge      		CODE           	41E4	0000	145
		i2_isdigit     		CODE           	49BE	0000	31
		i2___awdiv     		CODE           	4274	0000	133
		i2__tdiv_to_l_ 		CODE           	3474	0000	307
		i2___ftmul     		CODE           	390A	0000	245
		i2___wmul      		CODE           	4974	0000	39
		i2__div_to_l_  		CODE           	36D6	0000	297
		__npowers_     		MEDIUMCONST    	FEB5	0000	40
		i2___ftpack    		CODE           	3EAA	0000	175
		i2_scale       		CODE           	1E28	0000	1009
		_keys          		MEDIUMCONST    	FF23	0000	18
		i2___lldiv     		CODE           	42F8	0000	131
		__initialization		CODE           	494E	0000	25
		i2___lltoft    		CODE           	45F0	0000	93
		i2___ftsub     		CODE           	47C8	0000	65
		i2___awmod     		CODE           	43F6	0000	113
		_hexpowers     		MEDIUMCONST    	FF03	0000	33
		i2___llmod     		CODE           	44CE	0000	103
		i2_lcdInst     		CODE           	4A5A	0000	13
		i2_fround      		CODE           	272C	0000	583
		_happynewyear  		MEDIUMCONST    	FF34	0000	8

shared estimated size: 6843

/Applications/microchip/xc8/v1.40/sources/common/fttol.c
		___fttol       		CODE           	3330	0000	325

/Applications/microchip/xc8/v1.40/sources/common/fttol.c estimated size: 325

lcd.c
		_putch         		CODE           	4A3A	0000	17
		_lcdInst       		CODE           	4A4A	0000	17
		_lcdNibble     		CODE           	4466	0000	105
		_initLCD       		CODE           	473E	0000	71

lcd.c estimated size: 210

/Applications/microchip/xc8/v1.40/sources/common/ftadd.c
		___ftadd       		CODE           	24C4	0000	617

/Applications/microchip/xc8/v1.40/sources/common/ftadd.c estimated size: 617

/Applications/microchip/xc8/v1.40/sources/common/isdigit.c
		_isdigit       		CODE           	48FC	0000	43

/Applications/microchip/xc8/v1.40/sources/common/isdigit.c estimated size: 43

/Applications/microchip/xc8/v1.40/sources/common/fldivl.c
		__div_to_l_    		CODE           	2EFE	0000	393

/Applications/microchip/xc8/v1.40/sources/common/fldivl.c estimated size: 393

main.c
		_Eeprom_ReadByte		CODE           	49F8	0000	25
		_select_menu   		CODE           	2972	0000	579
		_next_address  		CODE           	4A10	0000	23
		_calculate_elapsed_time		CODE           	3F58	0000	171
		_move_stepper  		CODE           	46A2	0000	81
		_main          		CODE           	1432	0000	1353
		_convert_voltage		CODE           	4002	0000	167
		_show_log      		CODE           	35A6	0000	305
		_termination   		CODE           	49DC	0000	29
		_current_time  		CODE           	3BBA	0000	197
		_Eeprom_WriteByte		CODE           	4926	0000	41
		_set_time      		CODE           	4594	0000	93
		_keypressed    		CODE           	0008	0000	185
		_clean_count   		CODE           	483E	0000	53
		_readADC       		CODE           	48D0	0000	45

main.c estimated size: 3347

